2025-12-13 04:34:08 - training:model_training.log - INFO - Loaded dataset with shape: (7043, 32)
2025-12-13 04:34:08 - training:model_training.log - INFO - Train:(4930, 31), Validation:(1056, 31), Test: (1057, 31)
2025-12-13 04:34:09 - training:model_training.log - INFO - Saved model:C:\Users\Rix\Projects\churn-prediction\models\logistic_regression.pkl
2025-12-13 04:34:09 - training:model_training.log - INFO - Saved metrics:C:\Users\Rix\Projects\churn-prediction\reports\logistic_regression_metrics.json
2025-12-13 04:34:14 - training:model_training.log - INFO - Saved model:C:\Users\Rix\Projects\churn-prediction\models\rf_smote.pkl
2025-12-13 04:34:14 - training:model_training.log - INFO - Saved metrics:C:\Users\Rix\Projects\churn-prediction\reports\rf_smote_metrics.json
2025-12-13 04:34:14 - training:model_training.log - INFO - Saved model:C:\Users\Rix\Projects\churn-prediction\models\xgboost.pkl
2025-12-13 04:34:14 - training:model_training.log - INFO - Saved metrics:C:\Users\Rix\Projects\churn-prediction\reports\xgboost_metrics.json
2025-12-13 04:34:14 - training:model_training.log - INFO - Training completed. Models Evaluated on test set
2025-12-13 04:34:14 - training:model_training.log - INFO - LogisticRegression: {'ROC_AUC': 0.8452782771398173, 'PR_AUC': 0.6603639821533818, 'F1': 0.6342943854324734, 'ConfusionMatrix': [[607, 169], [72, 209]], 'Threshold': np.float64(0.5521616114383809)}
2025-12-13 04:34:14 - training:model_training.log - INFO - RandomForest: {'ROC_AUC': 0.8182095425028434, 'PR_AUC': 0.6109497385915386, 'F1': 0.60062893081761, 'ConfusionMatrix': [[612, 164], [90, 191]], 'Threshold': np.float64(0.38666666666666666)}
2025-12-13 04:34:14 - training:model_training.log - INFO - XGBoost: {'ROC_AUC': 0.82092444142789, 'PR_AUC': 0.6349068195786176, 'F1': 0.5994397759103641, 'ConfusionMatrix': [[557, 219], [67, 214]], 'Threshold': np.float32(0.38030803)}
2025-12-26 04:42:02 - training:model_training.log - INFO - Starting model training pipeline
2025-12-26 04:42:02 - training:model_training.log - INFO - Model saved:C:\Users\Rix\Projects\churn-prediction\models\logistic_regression.pkl
2025-12-26 04:42:02 - training:model_training.log - INFO - Metrics saved:C:\Users\Rix\Projects\churn-prediction\reports\logistic_regression_metrics.json
2025-12-26 04:42:02 - training:model_training.log - INFO - Logistic Regression completed in 0.36 seconds
2025-12-26 04:42:08 - training:model_training.log - INFO - Model saved:C:\Users\Rix\Projects\churn-prediction\models\rf_smote.pkl
2025-12-26 04:42:08 - training:model_training.log - INFO - Metrics saved:C:\Users\Rix\Projects\churn-prediction\reports\rf_smote_metrics.json
2025-12-26 04:42:08 - training:model_training.log - INFO - Random Forest completed in 5.96 seconds
2025-12-26 04:42:09 - training:model_training.log - INFO - Model saved:C:\Users\Rix\Projects\churn-prediction\models\xgboost.pkl
2025-12-26 04:42:09 - training:model_training.log - INFO - Metrics saved:C:\Users\Rix\Projects\churn-prediction\reports\xgboost_metrics.json
2025-12-26 04:42:09 - training:model_training.log - INFO - XGBoost completed in 0.64 seconds
2025-12-26 04:42:09 - training:model_training.log - INFO - Full training pipeline finished in 7.08 seconds
2025-12-26 04:42:09 - training:model_training.log - INFO - LogisticRegression: results: {'ROC_AUC': 0.8452782771398173, 'PR_AUC': 0.6603639821533818, 'F1': 0.6342943854324734, 'ConfusionMatrix': [[607, 169], [72, 209]], 'Threshold': np.float64(0.5521616114383809)}
2025-12-26 04:42:09 - training:model_training.log - INFO - RandomForest: results: {'ROC_AUC': 0.8182095425028434, 'PR_AUC': 0.6109497385915386, 'F1': 0.60062893081761, 'ConfusionMatrix': [[612, 164], [90, 191]], 'Threshold': np.float64(0.38666666666666666)}
2025-12-26 04:42:09 - training:model_training.log - INFO - XGBoost: results: {'ROC_AUC': 0.82092444142789, 'PR_AUC': 0.6349068195786176, 'F1': 0.5994397759103641, 'ConfusionMatrix': [[557, 219], [67, 214]], 'Threshold': np.float32(0.38030803)}
2025-12-26 04:46:09 - training:model_training.log - INFO - Starting model training pipeline
2025-12-26 04:46:10 - training:model_training.log - INFO - Model saved:C:\Users\Rix\Projects\churn-prediction\models\logistic_regression.pkl
2025-12-26 04:46:10 - training:model_training.log - INFO - Metrics saved:C:\Users\Rix\Projects\churn-prediction\reports\logistic_regression_metrics.json
2025-12-26 04:46:10 - training:model_training.log - INFO - Logistic Regression completed in 0.60 seconds
2025-12-26 04:46:15 - training:model_training.log - INFO - Model saved:C:\Users\Rix\Projects\churn-prediction\models\rf_smote.pkl
2025-12-26 04:46:15 - training:model_training.log - INFO - Metrics saved:C:\Users\Rix\Projects\churn-prediction\reports\rf_smote_metrics.json
2025-12-26 04:46:15 - training:model_training.log - INFO - Random Forest completed in 5.14 seconds
2025-12-26 04:46:15 - training:model_training.log - INFO - Model saved:C:\Users\Rix\Projects\churn-prediction\models\xgboost.pkl
2025-12-26 04:46:15 - training:model_training.log - INFO - Metrics saved:C:\Users\Rix\Projects\churn-prediction\reports\xgboost_metrics.json
2025-12-26 04:46:15 - training:model_training.log - INFO - XGBoost completed in 0.61 seconds
2025-12-26 04:46:15 - training:model_training.log - INFO - Full training pipeline finished in 6.42 seconds
2025-12-26 04:46:15 - training:model_training.log - INFO - LogisticRegression: results: {'ROC_AUC': 0.8452782771398173, 'PR_AUC': 0.6603639821533818, 'F1': 0.6342943854324734, 'ConfusionMatrix': [[607, 169], [72, 209]], 'Threshold': np.float64(0.5521616114383809)}
2025-12-26 04:46:15 - training:model_training.log - INFO - RandomForest: results: {'ROC_AUC': 0.8182095425028434, 'PR_AUC': 0.6109497385915386, 'F1': 0.60062893081761, 'ConfusionMatrix': [[612, 164], [90, 191]], 'Threshold': np.float64(0.38666666666666666)}
2025-12-26 04:46:15 - training:model_training.log - INFO - XGBoost: results: {'ROC_AUC': 0.82092444142789, 'PR_AUC': 0.6349068195786176, 'F1': 0.5994397759103641, 'ConfusionMatrix': [[557, 219], [67, 214]], 'Threshold': np.float32(0.38030803)}
2026-01-03 03:14:32 - training:model_training.log - INFO - Starting model training pipeline
2026-01-03 03:22:41 - training:model_training.log - INFO - Starting model training pipeline
2026-01-03 03:22:41 - training:model_training.log - INFO - Baseline Logistic Regression completed
2026-01-03 03:22:48 - training:model_training.log - INFO - Baseline Random Forest completed
2026-01-03 03:22:49 - training:model_training.log - INFO - Baseline XGBoost completed
2026-01-03 03:22:49 - training:model_training.log - INFO - LogisticRegression: results: {'ROC_AUC': 0.8450179491899853, 'PR_AUC': 0.6337431382354428}
2026-01-03 03:22:49 - training:model_training.log - INFO - random_forest: results: {'ROC_AUC': 0.8231521539027982, 'PR_AUC': 0.5885058849527224}
2026-01-03 03:22:49 - training:model_training.log - INFO - xgboost: results: {'ROC_AUC': 0.8261759020618558, 'PR_AUC': 0.6038139429496039}
