


2025-12-19 03:23:29 - training:run_cv.log - INFO - Starting Cross_Validation experiments...
2025-12-19 03:23:29 - training:run_cv.log - INFO - Loaded dataset with shape: (7043, 32)
2025-12-19 03:23:29 - training:run_cv.log - INFO - Features & Target of dataset seperated...
2025-12-19 03:23:29 - training:run_cv.log - INFO - Running CV for Logistic Regression
2025-12-19 03:23:30 - training:run_cv.log - INFO - LogisticRegression | PR-AUC: 0.6551 ± 0.0274
2025-12-19 03:23:30 - training:run_cv.log - INFO - Running CV for Random Forest
2025-12-19 03:23:38 - training:run_cv.log - INFO - RandomForest  | PR-AUC: 0.6191 ± 0.0226
2025-12-19 03:23:38 - training:run_cv.log - INFO - Running CV for XGBoost
2025-12-19 03:23:40 - training:run_cv.log - INFO - XGBoost | PR-AUC: 0.6340 ± 0.0254
2025-12-19 03:23:40 - training:run_cv.log - INFO - Cross-Validation experiments completed successfully
2025-12-19 03:28:38 - training:run_cv.log - INFO - Starting Cross_Validation experiments...
2025-12-19 03:28:38 - training:run_cv.log - INFO - Loaded dataset with shape: (7043, 32)
2025-12-19 03:28:38 - training:run_cv.log - INFO - Features & Target of dataset seperated...
2025-12-19 03:28:38 - training:run_cv.log - INFO - Running CV for Logistic Regression
2025-12-19 03:28:41 - training:run_cv.log - INFO - LogisticRegression | PR-AUC: 0.6556 ± 0.0270
2025-12-19 03:28:41 - training:run_cv.log - INFO - Running CV for Random Forest
2025-12-19 03:28:48 - training:run_cv.log - INFO - RandomForest  | PR-AUC: 0.6191 ± 0.0226
2025-12-19 03:28:48 - training:run_cv.log - INFO - Running CV for XGBoost
2025-12-19 03:28:51 - training:run_cv.log - INFO - XGBoost | PR-AUC: 0.6340 ± 0.0254
2025-12-19 03:28:51 - training:run_cv.log - INFO - Cross-Validation experiments completed successfully
2025-12-19 03:55:27 - training:run_cv.log - INFO - Starting Cross_Validation experiments...
2025-12-19 03:55:28 - training:run_cv.log - INFO - Loaded dataset with shape: (7043, 32)
2025-12-19 03:55:28 - training:run_cv.log - INFO - Features & Target of dataset seperated...
2025-12-19 03:55:28 - training:run_cv.log - INFO - Running CV for Logistic Regression with feature scaling
2025-12-19 03:55:28 - training:run_cv.log - INFO - LogisticRegression | PR-AUC: 0.6553 ± 0.0268
2025-12-19 03:55:28 - training:run_cv.log - INFO - Running CV for Random Forest
2025-12-19 03:55:35 - training:run_cv.log - INFO - RandomForest  | PR-AUC: 0.6191 ± 0.0226
2025-12-19 03:55:35 - training:run_cv.log - INFO - Running CV for XGBoost
2025-12-19 03:55:37 - training:run_cv.log - INFO - XGBoost | PR-AUC: 0.6340 ± 0.0254
2025-12-19 03:55:37 - training:run_cv.log - INFO - Cross-Validation experiments completed successfully
2025-12-26 04:49:36 - training:run_cv.log - INFO - Starting Cross_Validation experiments...
2025-12-26 04:49:36 - training:run_cv.log - INFO - Loaded pre-split dataset.
2025-12-26 04:49:36 - training:run_cv.log - INFO - Combined Train + Validation for CV: (5986, 31), (5986,)
2025-12-26 04:49:36 - training:run_cv.log - INFO - Running CV for Logistic Regression with feature scaling
2025-12-26 04:49:36 - training:run_cv.log - INFO - LogisticRegression | PR-AUC: 0.6565 ± 0.0216
2025-12-26 04:49:36 - training:run_cv.log - INFO - Running CV for Random Forest
2025-12-26 04:49:44 - training:run_cv.log - INFO - RandomForest  | PR-AUC: 0.6279 ± 0.0160
2025-12-26 04:49:44 - training:run_cv.log - INFO - Running CV for XGBoost
2025-12-26 04:49:46 - training:run_cv.log - INFO - XGBoost | PR-AUC: 0.6322 ± 0.0143
2025-12-26 04:49:46 - training:run_cv.log - INFO - Cross-Validation experiments completed successfully
2026-01-03 03:25:29 - training:run_cv.log - INFO - Starting Cross_Validation experiments...
2026-01-03 03:25:29 - training:run_cv.log - INFO - Loaded pre-split dataset.
2026-01-03 03:25:29 - training:run_cv.log - INFO - Combined Train + Validation for CV: (5986, 31), (5986,)
2026-01-03 03:25:29 - training:run_cv.log - INFO - Running CV for Logistic Regression (linear model with scaling)
2026-01-03 03:25:30 - training:run_cv.log - INFO - LogisticRegression | PR-AUC: 0.6564 ± 0.0215
2026-01-03 03:25:30 - training:run_cv.log - INFO - Running CV for Random Forest (tree-based, no scaling)
2026-01-03 03:25:36 - training:run_cv.log - INFO - RandomForest  | PR-AUC: 0.6279 ± 0.0160
2026-01-03 03:25:36 - training:run_cv.log - INFO - RRunning CV for XGBoost (tree-based, no scaling)
2026-01-03 03:25:39 - training:run_cv.log - INFO - XGBoost | PR-AUC: 0.6322 ± 0.0143
2026-01-03 03:25:39 - training:run_cv.log - INFO - Cross-Validation experiments completed successfully
